lcd_io_fsmc16.c:682:6:LCD_Delay	16	static
lcd_io_fsmc16.c:688:6:LCD_IO_Bl_OnOff	16	static
lcd_io_fsmc16.c:699:6:LCD_IO_Init	8	static
lcd_io_fsmc16.c:760:6:LCD_IO_WriteCmd8	16	static
lcd_io_fsmc16.c:767:6:LCD_IO_WriteCmd16	16	static
lcd_io_fsmc16.c:774:6:LCD_IO_WriteData8	16	static
lcd_io_fsmc16.c:781:6:LCD_IO_WriteData16	16	static
lcd_io_fsmc16.c:788:6:LCD_IO_WriteCmd8DataFill16	16	static
lcd_io_fsmc16.c:803:6:LCD_IO_WriteCmd8MultipleData8	24	static
lcd_io_fsmc16.c:821:6:LCD_IO_WriteCmd8MultipleData16	24	static
lcd_io_fsmc16.c:839:6:LCD_IO_WriteCmd16DataFill16	16	static
lcd_io_fsmc16.c:854:6:LCD_IO_WriteCmd16MultipleData8	24	static
lcd_io_fsmc16.c:872:6:LCD_IO_WriteCmd16MultipleData16	24	static
lcd_io_fsmc16.c:890:6:LCD_IO_ReadCmd8MultipleData8	32	static
lcd_io_fsmc16.c:920:6:LCD_IO_ReadCmd8MultipleData16	32	static
lcd_io_fsmc16.c:950:6:LCD_IO_ReadCmd8MultipleData24to16	32	static
lcd_io_fsmc16.c:991:6:LCD_IO_ReadCmd16MultipleData8	32	static
lcd_io_fsmc16.c:1021:6:LCD_IO_ReadCmd16MultipleData16	32	static
lcd_io_fsmc16.c:1051:6:LCD_IO_ReadCmd16MultipleData24to16	32	static
